#-----------------------------------------------------------
# Vivado v2019.1 (64-bit)
# SW Build 2552052 on Fri May 24 14:49:42 MDT 2019
# IP Build 2548770 on Fri May 24 18:01:18 MDT 2019
# Start of session at: Thu Nov 11 11:44:54 2021
# Process ID: 20772
# Current directory: F:/General_Platform/fpga/demo_mcu
# Command line: vivado.exe -gui_launcher_event rodinguilauncherevent3744 F:\General_Platform\fpga\demo_mcu\demo_mcu.xpr
# Log file: F:/General_Platform/fpga/demo_mcu/vivado.log
# Journal file: F:/General_Platform/fpga/demo_mcu\vivado.jou
#-----------------------------------------------------------
start_gui
open_project F:/General_Platform/fpga/demo_mcu/demo_mcu.xpr
update_compile_order -fileset sources_1
open_hw
connect_hw_server
open_hw_target
refresh_hw_device [lindex [get_hw_devices xc7a100t_0] 0]
refresh_hw_device [lindex [get_hw_devices xc7a100t_0] 0]
set_property PROBES.FILE {} [get_hw_devices xc7a100t_0]
set_property FULL_PROBES.FILE {} [get_hw_devices xc7a100t_0]
set_property PROGRAM.FILE {F:/General_Platform/fpga/demo_mcu/demo_mcu.runs/impl_1/bd_mcu_wrapper.bit} [get_hw_devices xc7a100t_0]
program_hw_devices [get_hw_devices xc7a100t_0]
refresh_hw_device [lindex [get_hw_devices xc7a100t_0] 0]
set_property PROBES.FILE {} [get_hw_devices xc7a100t_0]
set_property FULL_PROBES.FILE {} [get_hw_devices xc7a100t_0]
set_property PROGRAM.FILE {F:/General_Platform/fpga/demo_mcu/demo_mcu.runs/impl_1/bd_mcu_wrapper.bit} [get_hw_devices xc7a100t_0]
program_hw_devices [get_hw_devices xc7a100t_0]
refresh_hw_device [lindex [get_hw_devices xc7a100t_0] 0]
launch_sdk -workspace F:/General_Platform/fpga/demo_mcu/demo_mcu.sdk -hwspec F:/General_Platform/fpga/demo_mcu/demo_mcu.sdk/bd_mcu_wrapper.hdf
reset_run synth_1
launch_runs impl_1 -to_step write_bitstream -jobs 16
wait_on_run impl_1
write_hwdef -force  -file F:/General_Platform/fpga/demo_mcu/demo_mcu.sdk/bd_mcu_wrapper.hdf
